exports[`Testing the CapitalizedText Component Matches the previous snap shot 1`] = `"Hello wajega"`;
