exports[`Testing the Context API Matches the previous snap shot 1`] = `null`;
