exports[`Testing the Pagination Component Matches the previous snap shot 1`] = `
<ul
  className="ant-pagination"
  style={Object {}}
  unselectable="unselectable">
  <li
    aria-disabled={true}
    className="ant-pagination-disabled ant-pagination-prev"
    onClick={[Function]}
    onKeyPress={[Function]}
    tabIndex={null}
    title="Previous Page">
    <a
      className="ant-pagination-item-link">
      <i
        aria-label="icon: left"
        className="anticon anticon-left"
        onClick={undefined}
        tabIndex={undefined}>
        <svg
          aria-hidden="true"
          className=""
          data-icon="left"
          fill="currentColor"
          focusable="false"
          height="1em"
          onClick={undefined}
          style={undefined}
          viewBox="64 64 896 896"
          width="1em">
          <path
            d="M724 218.3V141c0-6.7-7.7-10.4-12.9-6.3L260.3 486.8a31.86 31.86 0 0 0 0 50.3l450.8 352.1c5.3 4.1 12.9.4 12.9-6.3v-77.3c0-4.9-2.3-9.6-6.1-12.6l-360-281 360-281.1c3.8-3 6.1-7.7 6.1-12.6z" />
        </svg>
      </i>
    </a>
  </li>
  <li
    className="ant-pagination-item ant-pagination-item-0 ant-pagination-disabled ant-pagination-item-disabled"
    onClick={[Function]}
    onKeyPress={[Function]}
    tabIndex="0"
    title={0}>
    <a>
      0
    </a>
  </li>
  <li
    aria-disabled={true}
    className="ant-pagination-disabled ant-pagination-next"
    onClick={[Function]}
    onKeyPress={[Function]}
    tabIndex={null}
    title="Next Page">
    <a
      className="ant-pagination-item-link">
      <i
        aria-label="icon: right"
        className="anticon anticon-right"
        onClick={undefined}
        tabIndex={undefined}>
        <svg
          aria-hidden="true"
          className=""
          data-icon="right"
          fill="currentColor"
          focusable="false"
          height="1em"
          onClick={undefined}
          style={undefined}
          viewBox="64 64 896 896"
          width="1em">
          <path
            d="M765.7 486.8L314.9 134.7A7.97 7.97 0 0 0 302 141v77.3c0 4.9 2.3 9.6 6.1 12.6l360 281.1-360 281.1c-3.9 3-6.1 7.7-6.1 12.6V883c0 6.7 7.7 10.4 12.9 6.3l450.8-352.1a31.96 31.96 0 0 0 0-50.4z" />
        </svg>
      </i>
    </a>
  </li>
</ul>
`;
